{"headline":"Naglowek","title":"Tytul","author":"Autor","content":"Treść"}