{"article":{"headline":"Headline","title":"Title","author":"Author","content":"Content"}}