{"comments":{"author":"Author","content":"Content"}}