{"cars":{"parts":{"wheels":"Wheels","breaks":"Breaks"},"basic":{"driving":"Driving","drive":{"slow":"Drive slow","fast":"Drive fast"}}},"bikes":"Bikes"}