{"cars":{"parts":{"wheels":"Koła","breaks":"Hamulce"},"basic":{"driving":"Prowadzić","drive":{"slow":"Jechać powoli","fast":"Jechać szybko"}}},"bikes":"Rowery"}